sdram.c:92:6:sdram_enable_interrupt	0	static
sdram.c:109:6:irq_handler_ecc_sdram	8	static
sdram.c:157:1:compute_errata_rows	24	static
sdram.c:223:6:sdram_set_rule	8	static
sdram.c:268:6:sdram_get_rule	0	static
sdram.c:305:6:sdram_set_protection_config	80	static
sdram.c:349:6:sdram_dump_protection_config	56	static
sdram.c:377:10:sdram_write_register_field	0	static
sdram.c:386:10:sdram_write_verify	0	static
sdram.c:1369:10:sdram_calibration_full	0	static
sdram.c:1375:10:sdram_check_self_refresh_seq	8	static
sdram.c:1475:15:sdram_calculate_size	0	static
sdram.c:78:5:dram_init	8	static
sdram.c:414:10:sdram_mmr_init_full	40	static
