Archive member included to satisfy reference by file (symbol)

c:/altera/15.0/embedded/host_tools/mentor/gnu/arm/baremetal/bin/../lib/gcc/arm-altera-eabi/4.9.1/thumb2\libgcc.a(_udivsi3.o)
                              arch/arm/cpu/armv7/socfpga/libsocfpga.o (__aeabi_uidiv)
c:/altera/15.0/embedded/host_tools/mentor/gnu/arm/baremetal/bin/../lib/gcc/arm-altera-eabi/4.9.1/thumb2\libgcc.a(_dvmd_tls.o)
                              c:/altera/15.0/embedded/host_tools/mentor/gnu/arm/baremetal/bin/../lib/gcc/arm-altera-eabi/4.9.1/thumb2\libgcc.a(_udivsi3.o) (__aeabi_idiv0)
c:/altera/15.0/embedded/host_tools/mentor/gnu/arm/baremetal/bin/../lib/gcc/arm-altera-eabi/4.9.1/thumb2\libgcc.a(_lshrdi3.o)
                              lib/libgeneric.o (__aeabi_llsr)
c:/altera/15.0/embedded/host_tools/mentor/gnu/arm/baremetal/bin/../lib/gcc/arm-altera-eabi/4.9.1/thumb2\libgcc.a(_ashldi3.o)
                              drivers/mmc/libmmc.o (__aeabi_llsl)

Discarded input sections

 .data          0x00000000        0x0 arch/arm/cpu/armv7/start.o
 .bss           0x00000000        0x0 arch/arm/cpu/armv7/start.o
 .text.invalidate_dcache_all
                0x00000000        0x2 arch/arm/cpu/armv7/libarmv7.o
 .text.flush_dcache_all
                0x00000000        0x2 arch/arm/cpu/armv7/libarmv7.o
 .text.invalidate_dcache_range
                0x00000000        0x2 arch/arm/cpu/armv7/libarmv7.o
 .text.arm_init_before_mmu
                0x00000000        0x2 arch/arm/cpu/armv7/libarmv7.o
 .text.flush_cache
                0x00000000        0x2 arch/arm/cpu/armv7/libarmv7.o
 .text.mmu_page_table_flush
                0x00000000        0x2 arch/arm/cpu/armv7/libarmv7.o
 .text.invalidate_icache_all
                0x00000000       0x14 arch/arm/cpu/armv7/libarmv7.o
 .text.__v7_outer_cache_enable
                0x00000000        0x2 arch/arm/cpu/armv7/libarmv7.o
 .text.__v7_outer_cache_disable
                0x00000000        0x2 arch/arm/cpu/armv7/libarmv7.o
 .text.__v7_outer_cache_flush_all
                0x00000000        0x2 arch/arm/cpu/armv7/libarmv7.o
 .text.__v7_outer_cache_inval_all
                0x00000000        0x2 arch/arm/cpu/armv7/libarmv7.o
 .text.__v7_outer_cache_flush_range
                0x00000000        0x2 arch/arm/cpu/armv7/libarmv7.o
 .text.__v7_outer_cache_inval_range
                0x00000000        0x2 arch/arm/cpu/armv7/libarmv7.o
 .text.cpu_cache_initialization
                0x00000000        0x2 arch/arm/cpu/armv7/libarmv7.o
 .text.cleanup_before_linux
                0x00000000       0x1e arch/arm/cpu/armv7/libarmv7.o
 .text.sdelay   0x00000000        0x6 arch/arm/cpu/armv7/libarmv7.o
 .text.sr32     0x00000000       0x18 arch/arm/cpu/armv7/libarmv7.o
 .text.wait_on_value
                0x00000000       0x1a arch/arm/cpu/armv7/libarmv7.o
 .data          0x00000000        0x0 arch/arm/cpu/armv7/libarmv7.o
 .bss           0x00000000        0x0 arch/arm/cpu/armv7/libarmv7.o
 .text.get_ticks
                0x00000000        0xa arch/arm/cpu/armv7/socfpga/libsocfpga.o
 .text.get_tbclk
                0x00000000        0x6 arch/arm/cpu/armv7/socfpga/libsocfpga.o
 .text.reset_cpu
                0x00000000       0x10 arch/arm/cpu/armv7/socfpga/libsocfpga.o
 .text.reset_deassert_all_peripherals
                0x00000000        0xc arch/arm/cpu/armv7/socfpga/libsocfpga.o
 .text.reset_deassert_all_bridges
                0x00000000       0x20 arch/arm/cpu/armv7/socfpga/libsocfpga.o
 .text.reset_deassert_cpu1
                0x00000000        0xc arch/arm/cpu/armv7/socfpga/libsocfpga.o
 .text.reset_deassert_osc1wd0
                0x00000000       0x10 arch/arm/cpu/armv7/socfpga/libsocfpga.o
 .text.reset_assert_all_peripherals
                0x00000000       0x10 arch/arm/cpu/armv7/socfpga/libsocfpga.o
 .text.reset_assert_all_peripherals_except_l4wd0_and_sdr
                0x00000000       0x10 arch/arm/cpu/armv7/socfpga/libsocfpga.o
 .text.emac0_reset_enable
                0x00000000       0x18 arch/arm/cpu/armv7/socfpga/libsocfpga.o
 .text.emac1_reset_enable
                0x00000000       0x18 arch/arm/cpu/armv7/socfpga/libsocfpga.o
 .text.sdram_enable_interrupt
                0x00000000       0x20 arch/arm/cpu/armv7/socfpga/libsocfpga.o
 .text.irq_handler_ecc_sdram
                0x00000000       0xa0 arch/arm/cpu/armv7/socfpga/libsocfpga.o
 .text.sdram_write_register_field
                0x00000000        0xc arch/arm/cpu/armv7/socfpga/libsocfpga.o
 .text.sdram_write_verify
                0x00000000       0x10 arch/arm/cpu/armv7/socfpga/libsocfpga.o
 .text.sdram_check_self_refresh_seq
                0x00000000       0x78 arch/arm/cpu/armv7/socfpga/libsocfpga.o
 .text.dram_init
                0x00000000       0x16 arch/arm/cpu/armv7/socfpga/libsocfpga.o
 .text.fpgamgr_set_cd_ratio
                0x00000000       0x18 arch/arm/cpu/armv7/socfpga/libsocfpga.o
 .text.fpgamgr_dclkcnt_set
                0x00000000       0x2c arch/arm/cpu/armv7/socfpga/libsocfpga.o
 .text.poll_fpgamgr_fpga_ready
                0x00000000       0x20 arch/arm/cpu/armv7/socfpga/libsocfpga.o
 .text.fpgamgr_program_init
                0x00000000       0xc0 arch/arm/cpu/armv7/socfpga/libsocfpga.o
 .text.fpgamgr_program_write
                0x00000000        0xc arch/arm/cpu/armv7/socfpga/libsocfpga.o
 .text.fpgamgr_program_poll_cd
                0x00000000       0x38 arch/arm/cpu/armv7/socfpga/libsocfpga.o
 .text.fpgamgr_program_poll_initphase
                0x00000000       0x32 arch/arm/cpu/armv7/socfpga/libsocfpga.o
 .text.fpgamgr_program_poll_usermode
                0x00000000       0x3c arch/arm/cpu/armv7/socfpga/libsocfpga.o
 .text.fpgamgr_program_fpga
                0x00000000       0x4c arch/arm/cpu/armv7/socfpga/libsocfpga.o
 .text.gic_dic_set_pending
                0x00000000       0x18 arch/arm/cpu/armv7/socfpga/libsocfpga.o
 .text.irq_trigger
                0x00000000        0x4 arch/arm/cpu/armv7/socfpga/libsocfpga.o
 .text.get_next_prbs31
                0x00000000       0x24 arch/arm/cpu/armv7/socfpga/libsocfpga.o
 .text.test_rand_address
                0x00000000       0xa8 arch/arm/cpu/armv7/socfpga/libsocfpga.o
 .text.hps_emif_diag_test
                0x00000000       0x58 arch/arm/cpu/armv7/socfpga/libsocfpga.o
 .text.debug_memory
                0x00000000        0x2 arch/arm/cpu/armv7/socfpga/libsocfpga.o
 .text.debug_memory_print
                0x00000000        0x2 arch/arm/cpu/armv7/socfpga/libsocfpga.o
 .text.socfpga_fpga_add
                0x00000000       0x18 arch/arm/cpu/armv7/socfpga/libsocfpga.o
 .text.print_cpuinfo
                0x00000000       0x10 arch/arm/cpu/armv7/socfpga/libsocfpga.o
 .text.misc_init_r
                0x00000000       0xf4 arch/arm/cpu/armv7/socfpga/libsocfpga.o
 .text.overwrite_console
                0x00000000        0x4 arch/arm/cpu/armv7/socfpga/libsocfpga.o
 .data.altera_fpga
                0x00000000       0x18 arch/arm/cpu/armv7/socfpga/libsocfpga.o
 .bss           0x00000000        0x0 arch/arm/cpu/armv7/socfpga/libsocfpga.o
 .bss.irq_cnt_ecc_sdram
                0x00000000        0x4 arch/arm/cpu/armv7/socfpga/libsocfpga.o
 .text.board_init_f
                0x00000000       0x30 arch/arm/lib/libarm.o
 .text.disable_interrupts
                0x00000000       0x16 arch/arm/lib/libarm.o
 .text.bad_mode
                0x00000000        0xc arch/arm/lib/libarm.o
 .text.show_regs
                0x00000000       0xdc arch/arm/lib/libarm.o
 .text.do_undefined_instruction
                0x00000000       0x18 arch/arm/lib/libarm.o
 .text.do_software_interrupt
                0x00000000       0x18 arch/arm/lib/libarm.o
 .text.do_prefetch_abort
                0x00000000       0x18 arch/arm/lib/libarm.o
 .text.do_data_abort
                0x00000000       0x18 arch/arm/lib/libarm.o
 .text.do_not_used
                0x00000000       0x18 arch/arm/lib/libarm.o
 .text.do_fiq   0x00000000       0x18 arch/arm/lib/libarm.o
 .text.do_reset
                0x00000000       0x24 arch/arm/lib/libarm.o
 .text.__flush_cache
                0x00000000        0x2 arch/arm/lib/libarm.o
 .text.__flush_dcache_all
                0x00000000        0xa arch/arm/lib/libarm.o
 .text.__enable_caches
                0x00000000        0xc arch/arm/lib/libarm.o
 .text.cp_delay
                0x00000000       0x18 arch/arm/lib/libarm.o
 .text.__arm_init_before_mmu
                0x00000000        0x2 arch/arm/lib/libarm.o
 .text.set_section_dcache
                0x00000000       0x12 arch/arm/lib/libarm.o
 .text.__mmu_page_table_flush
                0x00000000        0x2 arch/arm/lib/libarm.o
 .text.mmu_set_region_dcache_behaviour
                0x00000000       0x36 arch/arm/lib/libarm.o
 .text.icache_enable
                0x00000000       0x14 arch/arm/lib/libarm.o
 .text.icache_disable
                0x00000000       0x18 arch/arm/lib/libarm.o
 .text.icache_status
                0x00000000        0xa arch/arm/lib/libarm.o
 .text.dcache_enable
                0x00000000        0x2 arch/arm/lib/libarm.o
 .text.dcache_disable
                0x00000000        0x2 arch/arm/lib/libarm.o
 .text.dcache_status
                0x00000000        0x4 arch/arm/lib/libarm.o
 .rodata        0x00000000       0x80 arch/arm/lib/libarm.o
 .rodata.str1.1
                0x00000000      0x2d2 arch/arm/lib/libarm.o
 .bss           0x00000000        0x0 arch/arm/lib/libarm.o
 .text          0x00000000        0x0 board/altera/socfpga/libsocfpga.o
 .text.setenv_ethaddr_eeprom
                0x00000000       0x78 board/altera/socfpga/libsocfpga.o
 .text.board_early_init_f
                0x00000000        0xa board/altera/socfpga/libsocfpga.o
 .text.board_init
                0x00000000       0x14 board/altera/socfpga/libsocfpga.o
 .text.board_late_init
                0x00000000       0x2c board/altera/socfpga/libsocfpga.o
 .text.board_eth_init
                0x00000000        0x4 board/altera/socfpga/libsocfpga.o
 .data          0x00000000        0x0 board/altera/socfpga/libsocfpga.o
 .bss           0x00000000        0x0 board/altera/socfpga/libsocfpga.o
 .text          0x00000000        0x0 board/altera/socfpga/sdram/libsocfpga-sdram.o
 .text.scc_mgr_set_oct_out2_delay.isra.2
                0x00000000        0x2 board/altera/socfpga/sdram/libsocfpga-sdram.o
 .text.select_shadow_regs_for_update
                0x00000000        0x2 board/altera/socfpga/sdram/libsocfpga-sdram.o
 .text.scc_mgr_set_dqs_bus_in_delay
                0x00000000       0x7e board/altera/socfpga/sdram/libsocfpga-sdram.o
 .text.scc_mgr_set_dq_out1_delay
                0x00000000       0x7e board/altera/socfpga/sdram/libsocfpga-sdram.o
 .text.scc_mgr_set_dq_out2_delay
                0x00000000        0x2 board/altera/socfpga/sdram/libsocfpga-sdram.o
 .text.scc_mgr_set_dq_in_delay
                0x00000000       0x7e board/altera/socfpga/sdram/libsocfpga-sdram.o
 .text.scc_mgr_set_dm_out1_delay
                0x00000000       0x80 board/altera/socfpga/sdram/libsocfpga-sdram.o
 .text.scc_mgr_set_dm_out2_delay
                0x00000000        0x2 board/altera/socfpga/sdram/libsocfpga-sdram.o
 .text.scc_mgr_load_dqs
                0x00000000        0xc board/altera/socfpga/sdram/libsocfpga-sdram.o
 .text.scc_mgr_load_dqs_io
                0x00000000        0xc board/altera/socfpga/sdram/libsocfpga-sdram.o
 .text.scc_mgr_load_dq
                0x00000000        0xc board/altera/socfpga/sdram/libsocfpga-sdram.o
 .text.scc_mgr_load_dm
                0x00000000        0xc board/altera/socfpga/sdram/libsocfpga-sdram.o
 .text.scc_mgr_apply_group_dq_out2_delay
                0x00000000       0x14 board/altera/socfpga/sdram/libsocfpga-sdram.o
 .text.scc_mgr_apply_group_dqs_io_and_oct_out2
                0x00000000       0x10 board/altera/socfpga/sdram/libsocfpga-sdram.o
 .text.scc_mgr_set_group_dqs_io_and_oct_out1_gradual
                0x00000000       0x4c board/altera/socfpga/sdram/libsocfpga-sdram.o
 .text.scc_mgr_set_group_dqs_io_and_oct_out2_gradual
                0x00000000       0x2c board/altera/socfpga/sdram/libsocfpga-sdram.o
 .text.scc_mgr_apply_group_all_out_delay
                0x00000000       0x1e board/altera/socfpga/sdram/libsocfpga-sdram.o
 .text.scc_mgr_apply_group_all_out_delay_all_ranks
                0x00000000       0x14 board/altera/socfpga/sdram/libsocfpga-sdram.o
 .text.rw_mgr_rdimm_initialize
                0x00000000        0x2 board/altera/socfpga/sdram/libsocfpga-sdram.o
 .text.rw_mgr_mem_dll_lock_wait
                0x00000000        0x2 board/altera/socfpga/sdram/libsocfpga-sdram.o
 .text.rw_mgr_incr_vfifo
                0x00000000       0x10 board/altera/socfpga/sdram/libsocfpga-sdram.o
 .text.rw_mgr_mem_calibrate_wlevel
                0x00000000      0x130 board/altera/socfpga/sdram/libsocfpga-sdram.o
 .text.rw_mgr_mem_calibrate_eye_diag_aid
                0x00000000        0x2 board/altera/socfpga/sdram/libsocfpga-sdram.o
 .text.rw_mgr_mem_calibrate_full_test
                0x00000000       0x40 board/altera/socfpga/sdram/libsocfpga-sdram.o
 .text.user_init_cal_req
                0x00000000       0x40 board/altera/socfpga/sdram/libsocfpga-sdram.o
 .data          0x00000000        0x0 board/altera/socfpga/sdram/libsocfpga-sdram.o
 .bss           0x00000000        0x0 board/altera/socfpga/sdram/libsocfpga-sdram.o
 .bss.curr_shadow_reg
                0x00000000        0x4 board/altera/socfpga/sdram/libsocfpga-sdram.o
 .text          0x00000000        0x0 common/libcommon.o
 .text._do_env_set.isra.0
                0x00000000      0x128 common/libcommon.o
 .text.get_env_id
                0x00000000        0xc common/libcommon.o
 .text.setenv   0x00000000       0x2c common/libcommon.o
 .text.setenv_ulong
                0x00000000       0x16 common/libcommon.o
 .text.setenv_addr
                0x00000000       0x20 common/libcommon.o
 .text.envmatch
                0x00000000       0x3e common/libcommon.o
 .text.getenv_f
                0x00000000       0x80 common/libcommon.o
 .text.getenv   0x00000000       0x50 common/libcommon.o
 .text.getenv_ulong
                0x00000000       0x1c common/libcommon.o
 .text.console_setfile
                0x00000000       0x60 common/libcommon.o
 .text.serial_printf
                0x00000000       0x28 common/libcommon.o
 .text.fgetc    0x00000000       0x18 common/libcommon.o
 .text.ftstc    0x00000000       0x18 common/libcommon.o
 .text.fputc    0x00000000       0x18 common/libcommon.o
 .text.fputs    0x00000000       0x18 common/libcommon.o
 .text.fprintf  0x00000000       0x2c common/libcommon.o
 .text.getc     0x00000000       0x1a common/libcommon.o
 .text.tstc     0x00000000       0x1a common/libcommon.o
 .text.putc     0x00000000       0x20 common/libcommon.o
 .text.vprintf  0x00000000       0x24 common/libcommon.o
 .text.ctrlc    0x00000000       0x38 common/libcommon.o
 .text.disable_ctrlc
                0x00000000       0x10 common/libcommon.o
 .text.had_ctrlc
                0x00000000        0xc common/libcommon.o
 .text.clear_ctrlc
                0x00000000        0xc common/libcommon.o
 .text.dbg      0x00000000        0x6 common/libcommon.o
 .text.search_device
                0x00000000       0x16 common/libcommon.o
 .text.console_assign
                0x00000000       0x2a common/libcommon.o
 .text.console_init_f
                0x00000000        0xa common/libcommon.o
 .text.stdio_print_current_devices
                0x00000000       0x78 common/libcommon.o
 .text.console_init_r
                0x00000000      0x120 common/libcommon.o
 .text.realloc  0x00000000      0x334 common/libcommon.o
 .text.memalign
                0x00000000       0xbe common/libcommon.o
 .text.valloc   0x00000000        0xa common/libcommon.o
 .text.pvalloc  0x00000000       0x14 common/libcommon.o
 .text.cfree    0x00000000        0x4 common/libcommon.o
 .text.malloc_usable_size
                0x00000000       0x2a common/libcommon.o
 .text.mallopt  0x00000000       0x38 common/libcommon.o
 .text.__env_get_char_spec
                0x00000000        0x8 common/libcommon.o
 .text.env_get_addr
                0x00000000       0x18 common/libcommon.o
 .text.env_get_char_memory
                0x00000000        0xa common/libcommon.o
 .text.env_get_char
                0x00000000       0x20 common/libcommon.o
 .text.getenv_yesno
                0x00000000       0x2a common/libcommon.o
 .text.getenv_default
                0x00000000       0x2a common/libcommon.o
 .text.set_default_env
                0x00000000       0x80 common/libcommon.o
 .text.set_default_vars
                0x00000000       0x28 common/libcommon.o
 .text.env_relocate
                0x00000000        0xe common/libcommon.o
 .text.fdt_error
                0x00000000       0x24 common/libcommon.o
 .text.image_check_hcrc
                0x00000000       0x2a common/libcommon.o
 .text.image_check_dcrc
                0x00000000       0x22 common/libcommon.o
 .text.image_multi_count
                0x00000000       0x12 common/libcommon.o
 .text.image_multi_getimg
                0x00000000       0x50 common/libcommon.o
 .text.getenv_bootm_low
                0x00000000       0x1c common/libcommon.o
 .text.getenv_bootm_size
                0x00000000       0x3c common/libcommon.o
 .text.getenv_bootm_mapsize
                0x00000000       0x20 common/libcommon.o
 .text.memmove_wd
                0x00000000        0xa common/libcommon.o
 .text.genimg_print_size
                0x00000000       0x24 common/libcommon.o
 .text.get_table_entry_name
                0x00000000       0x16 common/libcommon.o
 .text.genimg_get_os_name
                0x00000000       0x14 common/libcommon.o
 .text.genimg_get_arch_name
                0x00000000       0x14 common/libcommon.o
 .text.genimg_get_type_name
                0x00000000       0x14 common/libcommon.o
 .text.genimg_get_comp_name
                0x00000000       0x14 common/libcommon.o
 .text.image_print_contents
                0x00000000       0xec common/libcommon.o
 .text.get_table_entry_id
                0x00000000       0x26 common/libcommon.o
 .text.genimg_get_os_id
                0x00000000       0x14 common/libcommon.o
 .text.genimg_get_arch_id
                0x00000000       0x14 common/libcommon.o
 .text.genimg_get_type_id
                0x00000000       0x14 common/libcommon.o
 .text.genimg_get_comp_id
                0x00000000       0x14 common/libcommon.o
 .text.genimg_get_format
                0x00000000       0x20 common/libcommon.o
 .text.genimg_get_image
                0x00000000        0x2 common/libcommon.o
 .text.genimg_has_config
                0x00000000        0x4 common/libcommon.o
 .text.boot_get_ramdisk
                0x00000000      0x130 common/libcommon.o
 .text.boot_ramdisk_high
                0x00000000       0xb8 common/libcommon.o
 .text.boot_fdt_add_mem_rsv_regions
                0x00000000       0x54 common/libcommon.o
 .text.boot_relocate_fdt
                0x00000000      0x108 common/libcommon.o
 .text.boot_get_fdt
                0x00000000      0x174 common/libcommon.o
 .text.get_ram_size
                0x00000000       0x8e common/libcommon.o
 .text.stdio_get_list
                0x00000000        0x8 common/libcommon.o
 .text.stdio_get_by_name
                0x00000000       0x30 common/libcommon.o
 .text.stdio_clone
                0x00000000       0x22 common/libcommon.o
 .text.stdio_register
                0x00000000       0x28 common/libcommon.o
 .text.stdio_init
                0x00000000       0x70 common/libcommon.o
 .rodata.str1.1
                0x00000000      0xadb common/libcommon.o
 .rodata.default_environment
                0x00000000      0x683 common/libcommon.o
 .rodata.__func__.6224
                0x00000000       0x10 common/libcommon.o
 .rodata.uimage_comp
                0x00000000       0x48 common/libcommon.o
 .rodata.uimage_os
                0x00000000       0x54 common/libcommon.o
 .rodata.uimage_arch
                0x00000000       0xfc common/libcommon.o
 .rodata.uimage_type
                0x00000000       0xcc common/libcommon.o
 .data          0x00000000        0x0 common/libcommon.o
 .data.env_id   0x00000000        0x4 common/libcommon.o
 .data.mmap_threshold
                0x00000000        0x4 common/libcommon.o
 .data.env_htab
                0x00000000       0x10 common/libcommon.o
 .data.load_addr
                0x00000000        0x4 common/libcommon.o
 .data.stdio_names
                0x00000000        0xc common/libcommon.o
 .bss           0x00000000        0x0 common/libcommon.o
 .bss.ctrlc_was_pressed
                0x00000000        0x4 common/libcommon.o
 .bss.ctrlc_disabled
                0x00000000        0x4 common/libcommon.o
 .bss.n_mmaps_max
                0x00000000        0x4 common/libcommon.o
 .bss.save_addr
                0x00000000        0x4 common/libcommon.o
 .bss.save_size
                0x00000000        0x4 common/libcommon.o
 .bss.devs      0x00000000       0x3c common/libcommon.o
 .text          0x00000000        0x0 common/spl/libspl.o
 .text.spl_board_prepare_for_linux
                0x00000000        0x2 common/spl/libspl.o
 .bss           0x00000000        0x0 common/spl/libspl.o
 .text          0x00000000        0x0 drivers/dma/libdma.o
 .text.pl330_stop
                0x00000000      0x104 drivers/dma/libdma.o
 .text.pl330_transfer_setup
                0x00000000      0x3a8 drivers/dma/libdma.o
 .text.pl330_transfer_start
                0x00000000      0x1f0 drivers/dma/libdma.o
 .text.pl330_transfer_finish
                0x00000000       0x78 drivers/dma/libdma.o
 .text.pl330_transfer_zeroes
                0x00000000      0x218 drivers/dma/libdma.o
 .rodata.CSWTCH.36
                0x00000000       0x20 drivers/dma/libdma.o
 .rodata.str1.1
                0x00000000      0x1b4 drivers/dma/libdma.o
 .rodata.CSWTCH.71
                0x00000000       0x20 drivers/dma/libdma.o
 .rodata.CSWTCH.70
                0x00000000       0x20 drivers/dma/libdma.o
 .data          0x00000000        0x0 drivers/dma/libdma.o
 .bss           0x00000000        0x0 drivers/dma/libdma.o
 .bss.cmd_line  0x00000000        0x4 drivers/dma/libdma.o
 .comment       0x00000000       0x31 drivers/dma/libdma.o
 .debug_aranges
                0x00000000       0x40 drivers/dma/libdma.o
 .debug_info    0x00000000     0x1b25 drivers/dma/libdma.o
 .debug_abbrev  0x00000000      0x376 drivers/dma/libdma.o
 .debug_line    0x00000000      0x6f9 drivers/dma/libdma.o
 .debug_frame   0x00000000       0xc0 drivers/dma/libdma.o
 .debug_str     0x00000000      0x771 drivers/dma/libdma.o
 .debug_loc     0x00000000     0x23aa drivers/dma/libdma.o
 .debug_ranges  0x00000000      0x558 drivers/dma/libdma.o
 .ARM.attributes
                0x00000000       0x2f drivers/dma/libdma.o
 .text          0x00000000        0x0 drivers/mmc/libmmc.o
 .text.mmc_switch_part
                0x00000000       0x28 drivers/mmc/libmmc.o
 .text.mmc_get_dev
                0x00000000       0x1c drivers/mmc/libmmc.o
 .text.get_mmc_num
                0x00000000        0xc drivers/mmc/libmmc.o
 .data          0x00000000        0x0 drivers/mmc/libmmc.o
 .bss           0x00000000        0x0 drivers/mmc/libmmc.o
 .text          0x00000000        0x0 drivers/serial/libserial.o
 .text.serial_null
                0x00000000        0x2 drivers/serial/libserial.o
 .text.serial_register
                0x00000000       0x10 drivers/serial/libserial.o
 .text.serial_stdio_init
                0x00000000       0x4c drivers/serial/libserial.o
 .text.serial_assign
                0x00000000       0x2c drivers/serial/libserial.o
 .text.serial_initialize
                0x00000000       0xd6 drivers/serial/libserial.o
 .text.serial_reinit_all
                0x00000000       0x18 drivers/serial/libserial.o
 .text.serial_setbrg
                0x00000000        0xe drivers/serial/libserial.o
 .text.serial_getc
                0x00000000        0xe drivers/serial/libserial.o
 .text.serial_tstc
                0x00000000        0xe drivers/serial/libserial.o
 .text.serial_putc
                0x00000000       0x12 drivers/serial/libserial.o
 .text.default_serial_puts
                0x00000000       0x1a drivers/serial/libserial.o
 .text.eserial2_init
                0x00000000       0x12 drivers/serial/libserial.o
 .text.eserial3_init
                0x00000000       0x12 drivers/serial/libserial.o
 .text.eserial4_init
                0x00000000       0x12 drivers/serial/libserial.o
 .text.eserial5_init
                0x00000000       0x12 drivers/serial/libserial.o
 .text.eserial6_init
                0x00000000       0x12 drivers/serial/libserial.o
 .text.eserial2_putc
                0x00000000        0x6 drivers/serial/libserial.o
 .text.eserial3_putc
                0x00000000        0x6 drivers/serial/libserial.o
 .text.eserial4_putc
                0x00000000        0x6 drivers/serial/libserial.o
 .text.eserial5_putc
                0x00000000        0x6 drivers/serial/libserial.o
 .text.eserial6_putc
                0x00000000        0x6 drivers/serial/libserial.o
 .text._serial_putc_raw
                0x00000000       0x14 drivers/serial/libserial.o
 .text.eserial2_puts
                0x00000000        0x6 drivers/serial/libserial.o
 .text.eserial3_puts
                0x00000000        0x6 drivers/serial/libserial.o
 .text.eserial4_puts
                0x00000000        0x6 drivers/serial/libserial.o
 .text.eserial5_puts
                0x00000000        0x6 drivers/serial/libserial.o
 .text.eserial6_puts
                0x00000000        0x6 drivers/serial/libserial.o
 .text.eserial2_getc
                0x00000000        0x6 drivers/serial/libserial.o
 .text.eserial3_getc
                0x00000000        0x6 drivers/serial/libserial.o
 .text.eserial4_getc
                0x00000000        0x6 drivers/serial/libserial.o
 .text.eserial5_getc
                0x00000000        0x6 drivers/serial/libserial.o
 .text.eserial6_getc
                0x00000000        0x6 drivers/serial/libserial.o
 .text.eserial2_tstc
                0x00000000        0x6 drivers/serial/libserial.o
 .text.eserial3_tstc
                0x00000000        0x6 drivers/serial/libserial.o
 .text.eserial4_tstc
                0x00000000        0x6 drivers/serial/libserial.o
 .text.eserial5_tstc
                0x00000000        0x6 drivers/serial/libserial.o
 .text.eserial6_tstc
                0x00000000        0x6 drivers/serial/libserial.o
 .text.eserial2_setbrg
                0x00000000        0x6 drivers/serial/libserial.o
 .text.eserial3_setbrg
                0x00000000        0x6 drivers/serial/libserial.o
 .text.eserial4_setbrg
                0x00000000        0x6 drivers/serial/libserial.o
 .text.eserial5_setbrg
                0x00000000        0x6 drivers/serial/libserial.o
 .text.eserial6_setbrg
                0x00000000        0x6 drivers/serial/libserial.o
 .text.ns16550_serial_initialize
                0x00000000        0xc drivers/serial/libserial.o
 .data          0x00000000        0x0 drivers/serial/libserial.o
 .data.eserial2_device
                0x00000000       0x30 drivers/serial/libserial.o
 .data.eserial3_device
                0x00000000       0x30 drivers/serial/libserial.o
 .data.eserial4_device
                0x00000000       0x30 drivers/serial/libserial.o
 .data.eserial5_device
                0x00000000       0x30 drivers/serial/libserial.o
 .data.eserial6_device
                0x00000000       0x30 drivers/serial/libserial.o
 .bss           0x00000000        0x0 drivers/serial/libserial.o
 .bss.serial_devices
                0x00000000        0x4 drivers/serial/libserial.o
 .text          0x00000000        0x0 lib/libgeneric.o
 .text.skip_spaces
                0x00000000       0x18 lib/libgeneric.o
 .text.strim    0x00000000       0x34 lib/libgeneric.o
 .text.strncasecmp
                0x00000000       0x58 lib/libgeneric.o
 .text.strcasecmp
                0x00000000        0x8 lib/libgeneric.o
 .text.strcpy   0x00000000       0x10 lib/libgeneric.o
 .text.strncpy  0x00000000       0x18 lib/libgeneric.o
 .text.strcat   0x00000000       0x1e lib/libgeneric.o
 .text.strncat  0x00000000       0x2a lib/libgeneric.o
 .text.strcmp   0x00000000       0x1a lib/libgeneric.o
 .text.strncmp  0x00000000       0x26 lib/libgeneric.o
 .text.strchr   0x00000000       0x18 lib/libgeneric.o
 .text.strlen   0x00000000       0x10 lib/libgeneric.o
 .text.strrchr  0x00000000       0x20 lib/libgeneric.o
 .text.strdup   0x00000000       0x22 lib/libgeneric.o
 .text.strspn   0x00000000       0x1e lib/libgeneric.o
 .text.strpbrk  0x00000000       0x20 lib/libgeneric.o
 .text.strtok   0x00000000       0x48 lib/libgeneric.o
 .text.strsep   0x00000000       0x1e lib/libgeneric.o
 .text.strswab  0x00000000       0x26 lib/libgeneric.o
 .text.bcopy    0x00000000       0x1a lib/libgeneric.o
 .text.memmove  0x00000000       0x34 lib/libgeneric.o
 .text.memscan  0x00000000       0x16 lib/libgeneric.o
 .text.strstr   0x00000000       0x46 lib/libgeneric.o
 .text.memchr   0x00000000       0x1c lib/libgeneric.o
 .text.mdelay   0x00000000       0x14 lib/libgeneric.o
 .text.simple_strtoul
                0x00000000       0x70 lib/libgeneric.o
 .text.strict_strtoul
                0x00000000       0x42 lib/libgeneric.o
 .text.simple_strtol
                0x00000000       0x1a lib/libgeneric.o
 .text.ustrtoul
                0x00000000       0x3c lib/libgeneric.o
 .text.simple_strtoull
                0x00000000       0x9c lib/libgeneric.o
 .text.panic    0x00000000       0x30 lib/libgeneric.o
 .text.__assert_fail
                0x00000000       0x10 lib/libgeneric.o
 .text.simple_itoa
                0x00000000       0x38 lib/libgeneric.o
 .data          0x00000000        0x0 lib/libgeneric.o
 .bss           0x00000000        0x0 lib/libgeneric.o
 .bss.___strtok
                0x00000000        0x4 lib/libgeneric.o
 .bss.local.6267
                0x00000000       0x16 lib/libgeneric.o
 .text          0x00000000        0x0 /cygdrive/c/Users/Amir/Desktop/CPEN391/CPEN391_13/CPEN391_Computer_Instructor_Version/software/spl_bsp/uboot-socfpga/spl/arch/arm/lib/eabi_compat.o
 .data          0x00000000        0x0 /cygdrive/c/Users/Amir/Desktop/CPEN391/CPEN391_13/CPEN391_Computer_Instructor_Version/software/spl_bsp/uboot-socfpga/spl/arch/arm/lib/eabi_compat.o
 .bss           0x00000000        0x0 /cygdrive/c/Users/Amir/Desktop/CPEN391/CPEN391_13/CPEN391_Computer_Instructor_Version/software/spl_bsp/uboot-socfpga/spl/arch/arm/lib/eabi_compat.o
 .text.raise    0x00000000        0x4 /cygdrive/c/Users/Amir/Desktop/CPEN391/CPEN391_13/CPEN391_Computer_Instructor_Version/software/spl_bsp/uboot-socfpga/spl/arch/arm/lib/eabi_compat.o
 .text.__aeabi_unwind_cpp_pr0
                0x00000000        0x2 /cygdrive/c/Users/Amir/Desktop/CPEN391/CPEN391_13/CPEN391_Computer_Instructor_Version/software/spl_bsp/uboot-socfpga/spl/arch/arm/lib/eabi_compat.o
 .text.__aeabi_unwind_cpp_pr1
                0x00000000        0x2 /cygdrive/c/Users/Amir/Desktop/CPEN391/CPEN391_13/CPEN391_Computer_Instructor_Version/software/spl_bsp/uboot-socfpga/spl/arch/arm/lib/eabi_compat.o
 .debug_info    0x00000000      0x2d4 /cygdrive/c/Users/Amir/Desktop/CPEN391/CPEN391_13/CPEN391_Computer_Instructor_Version/software/spl_bsp/uboot-socfpga/spl/arch/arm/lib/eabi_compat.o
 .debug_abbrev  0x00000000      0x11c /cygdrive/c/Users/Amir/Desktop/CPEN391/CPEN391_13/CPEN391_Computer_Instructor_Version/software/spl_bsp/uboot-socfpga/spl/arch/arm/lib/eabi_compat.o
 .debug_loc     0x00000000       0x21 /cygdrive/c/Users/Amir/Desktop/CPEN391/CPEN391_13/CPEN391_Computer_Instructor_Version/software/spl_bsp/uboot-socfpga/spl/arch/arm/lib/eabi_compat.o
 .debug_aranges
                0x00000000       0x30 /cygdrive/c/Users/Amir/Desktop/CPEN391/CPEN391_13/CPEN391_Computer_Instructor_Version/software/spl_bsp/uboot-socfpga/spl/arch/arm/lib/eabi_compat.o
 .debug_ranges  0x00000000       0x20 /cygdrive/c/Users/Amir/Desktop/CPEN391/CPEN391_13/CPEN391_Computer_Instructor_Version/software/spl_bsp/uboot-socfpga/spl/arch/arm/lib/eabi_compat.o
 .debug_line    0x00000000      0x1fd /cygdrive/c/Users/Amir/Desktop/CPEN391/CPEN391_13/CPEN391_Computer_Instructor_Version/software/spl_bsp/uboot-socfpga/spl/arch/arm/lib/eabi_compat.o
 .debug_str     0x00000000      0x35b /cygdrive/c/Users/Amir/Desktop/CPEN391/CPEN391_13/CPEN391_Computer_Instructor_Version/software/spl_bsp/uboot-socfpga/spl/arch/arm/lib/eabi_compat.o
 .comment       0x00000000       0x31 /cygdrive/c/Users/Amir/Desktop/CPEN391/CPEN391_13/CPEN391_Computer_Instructor_Version/software/spl_bsp/uboot-socfpga/spl/arch/arm/lib/eabi_compat.o
 .ARM.attributes
                0x00000000       0x2f /cygdrive/c/Users/Amir/Desktop/CPEN391/CPEN391_13/CPEN391_Computer_Instructor_Version/software/spl_bsp/uboot-socfpga/spl/arch/arm/lib/eabi_compat.o
 .debug_frame   0x00000000       0x40 /cygdrive/c/Users/Amir/Desktop/CPEN391/CPEN391_13/CPEN391_Computer_Instructor_Version/software/spl_bsp/uboot-socfpga/spl/arch/arm/lib/eabi_compat.o
 .data          0x00000000        0x0 c:/altera/15.0/embedded/host_tools/mentor/gnu/arm/baremetal/bin/../lib/gcc/arm-altera-eabi/4.9.1/thumb2\libgcc.a(_udivsi3.o)
 .bss           0x00000000        0x0 c:/altera/15.0/embedded/host_tools/mentor/gnu/arm/baremetal/bin/../lib/gcc/arm-altera-eabi/4.9.1/thumb2\libgcc.a(_udivsi3.o)
 .data          0x00000000        0x0 c:/altera/15.0/embedded/host_tools/mentor/gnu/arm/baremetal/bin/../lib/gcc/arm-altera-eabi/4.9.1/thumb2\libgcc.a(_dvmd_tls.o)
 .bss           0x00000000        0x0 c:/altera/15.0/embedded/host_tools/mentor/gnu/arm/baremetal/bin/../lib/gcc/arm-altera-eabi/4.9.1/thumb2\libgcc.a(_dvmd_tls.o)
 .data          0x00000000        0x0 c:/altera/15.0/embedded/host_tools/mentor/gnu/arm/baremetal/bin/../lib/gcc/arm-altera-eabi/4.9.1/thumb2\libgcc.a(_lshrdi3.o)
 .bss           0x00000000        0x0 c:/altera/15.0/embedded/host_tools/mentor/gnu/arm/baremetal/bin/../lib/gcc/arm-altera-eabi/4.9.1/thumb2\libgcc.a(_lshrdi3.o)
 .data          0x00000000        0x0 c:/altera/15.0/embedded/host_tools/mentor/gnu/arm/baremetal/bin/../lib/gcc/arm-altera-eabi/4.9.1/thumb2\libgcc.a(_ashldi3.o)
 .bss           0x00000000        0x0 c:/altera/15.0/embedded/host_tools/mentor/gnu/arm/baremetal/bin/../lib/gcc/arm-altera-eabi/4.9.1/thumb2\libgcc.a(_ashldi3.o)

Memory Configuration

Name             Origin             Length             Attributes
.sram            0xffff0000         0x00010000
*default*        0x00000000         0xffffffff

Linker script and memory map


.text           0xffff0000     0x698c
 arch/arm/cpu/armv7/start.o(.text)
 .text          0xffff0000      0x180 arch/arm/cpu/armv7/start.o
                0xffff0000                _start
                0xffff0040                _end_vect
                0xffff0050                _TEXT_BASE
                0xffff0054                _bss_start_ofs
                0xffff0058                _image_copy_end_ofs
                0xffff005c                _bss_end_ofs
                0xffff0060                _end_ofs
                0xffff0064                IRQ_STACK_START
                0xffff0068                FIQ_STACK_START
                0xffff006c                IRQ_STACK_START_IN
                0xffff00a4                c_runtime_cpu_setup
                0xffff00c0                cpu_init_cp15
                0xffff0104                cpu_init_crit
 *(.text*)
 .text          0xffff0180       0x18 arch/arm/cpu/armv7/libarmv7.o
                0xffff0180                lowlevel_init
 .text.flush_dcache_range
                0xffff0198        0x2 arch/arm/cpu/armv7/libarmv7.o
                0xffff0198                flush_dcache_range
 *fill*         0xffff019a        0x2 
 .text          0xffff019c      0x15c arch/arm/cpu/armv7/socfpga/libsocfpga.o
                0xffff019c                save_boot_params
                0xffff01f0                fpgamgr_axi_write
                0xffff0240                reset_clock_manager
                0xffff02e8                reset_clock_manager_size
 .text.s_init   0xffff02f8       0x48 arch/arm/cpu/armv7/socfpga/libsocfpga.o
                0xffff02f8                s_init
 .text.timer_init
                0xffff0340       0x1c arch/arm/cpu/armv7/socfpga/libsocfpga.o
                0xffff0340                timer_init
 .text.__udelay
                0xffff035c       0x3c arch/arm/cpu/armv7/socfpga/libsocfpga.o
                0xffff035c                __udelay
 .text.get_timer_masked
                0xffff0398       0x54 arch/arm/cpu/armv7/socfpga/libsocfpga.o
                0xffff0398                get_timer_masked
 .text.get_timer
                0xffff03ec        0xc arch/arm/cpu/armv7/socfpga/libsocfpga.o
                0xffff03ec                get_timer
 .text.reset_timer
                0xffff03f8       0x24 arch/arm/cpu/armv7/socfpga/libsocfpga.o
                0xffff03f8                reset_timer
 .text.get_timer_count_masked
                0xffff041c       0x40 arch/arm/cpu/armv7/socfpga/libsocfpga.o
                0xffff041c                get_timer_count_masked
 .text.get_timer_count
                0xffff045c        0xc arch/arm/cpu/armv7/socfpga/libsocfpga.o
                0xffff045c                get_timer_count
 .text.reset_timer_count
                0xffff0468       0x14 arch/arm/cpu/armv7/socfpga/libsocfpga.o
                0xffff0468                reset_timer_count
 .text.watchdog_disable
                0xffff047c       0x18 arch/arm/cpu/armv7/socfpga/libsocfpga.o
                0xffff047c                watchdog_disable
 .text.is_wdt_in_reset
                0xffff0494       0x10 arch/arm/cpu/armv7/socfpga/libsocfpga.o
                0xffff0494                is_wdt_in_reset
 .text.reset_deassert_osc1timer0
                0xffff04a4       0x10 arch/arm/cpu/armv7/socfpga/libsocfpga.o
                0xffff04a4                reset_deassert_osc1timer0
 .text.reset_assert_all_bridges
                0xffff04b4       0x10 arch/arm/cpu/armv7/socfpga/libsocfpga.o
                0xffff04b4                reset_assert_all_bridges
 .text.reset_assert_all_peripherals_except_l4wd0
                0xffff04c4       0x10 arch/arm/cpu/armv7/socfpga/libsocfpga.o
                0xffff04c4                reset_assert_all_peripherals_except_l4wd0
 .text.reset_deassert_peripherals_handoff
                0xffff04d4       0x2c arch/arm/cpu/armv7/socfpga/libsocfpga.o
                0xffff04d4                reset_deassert_peripherals_handoff
 .text.reset_deassert_bridges_handoff
                0xffff0500       0x28 arch/arm/cpu/armv7/socfpga/libsocfpga.o
                0xffff0500                reset_deassert_bridges_handoff
 .text.compute_errata_rows
                0xffff0528      0x108 arch/arm/cpu/armv7/socfpga/libsocfpga.o
                0xffff0528                compute_errata_rows
 .text.sdram_set_rule
                0xffff0630       0x60 arch/arm/cpu/armv7/socfpga/libsocfpga.o
                0xffff0630                sdram_set_rule
 .text.sdram_get_rule
                0xffff0690       0x60 arch/arm/cpu/armv7/socfpga/libsocfpga.o
                0xffff0690                sdram_get_rule
 .text.sdram_set_protection_config
                0xffff06f0       0x7c arch/arm/cpu/armv7/socfpga/libsocfpga.o
                0xffff06f0                sdram_set_protection_config
 .text.sdram_dump_protection_config
                0xffff076c       0x14 arch/arm/cpu/armv7/socfpga/libsocfpga.o
                0xffff076c                sdram_dump_protection_config
 .text.sdram_calibration_full
                0xffff0780        0x4 arch/arm/cpu/armv7/socfpga/libsocfpga.o
                0xffff0780                sdram_calibration_full
 .text.sdram_calculate_size
                0xffff0784       0x48 arch/arm/cpu/armv7/socfpga/libsocfpga.o
                0xffff0784                sdram_calculate_size
 .text.sdram_mmr_init_full
                0xffff07cc      0x3d4 arch/arm/cpu/armv7/socfpga/libsocfpga.o
                0xffff07cc                sdram_mmr_init_full
 .text.is_fpgamgr_initdone_high
                0xffff0ba0       0x10 arch/arm/cpu/armv7/socfpga/libsocfpga.o
 .text.fpgamgr_get_mode
                0xffff0bb0       0x10 arch/arm/cpu/armv7/socfpga/libsocfpga.o
 .text.is_fpgamgr_fpga_ready
                0xffff0bc0       0x20 arch/arm/cpu/armv7/socfpga/libsocfpga.o
                0xffff0bc0                is_fpgamgr_fpga_ready
 .text.gic_dic_clear_enable_all_intr
                0xffff0be0       0x28 arch/arm/cpu/armv7/socfpga/libsocfpga.o
                0xffff0be0                gic_dic_clear_enable_all_intr
 .text.gic_dic_clear_pending_all_intr
                0xffff0c08       0x28 arch/arm/cpu/armv7/socfpga/libsocfpga.o
                0xffff0c08                gic_dic_clear_pending_all_intr
 .text.gic_dic_set_enable
                0xffff0c30       0x1c arch/arm/cpu/armv7/socfpga/libsocfpga.o
                0xffff0c30                gic_dic_set_enable
 .text.gic_dic_set_target_processor
                0xffff0c4c       0x2a arch/arm/cpu/armv7/socfpga/libsocfpga.o
                0xffff0c4c                gic_dic_set_target_processor
 .text.gic_dic_set_config
                0xffff0c76       0x34 arch/arm/cpu/armv7/socfpga/libsocfpga.o
                0xffff0c76                gic_dic_set_config
 .text.gic_dic_clear_pending
                0xffff0caa       0x1c arch/arm/cpu/armv7/socfpga/libsocfpga.o
                0xffff0caa                gic_dic_clear_pending
 *fill*         0xffff0cc6        0x2 
 .text.do_irq   0xffff0cc8       0x2c arch/arm/cpu/armv7/socfpga/libsocfpga.o
                0xffff0cc8                do_irq
 .text.arch_interrupt_init
                0xffff0cf4       0x34 arch/arm/cpu/armv7/socfpga/libsocfpga.o
                0xffff0cf4                arch_interrupt_init
 .text.irq_register
                0xffff0d28       0x2c arch/arm/cpu/armv7/socfpga/libsocfpga.o
                0xffff0d28                irq_register
 .text.cm_basic_init
                0xffff0d54      0x2d4 arch/arm/cpu/armv7/socfpga/libsocfpga.o
                0xffff0d54                cm_basic_init
 .text.cm_get_mpu_clk_hz
                0xffff1028       0x40 arch/arm/cpu/armv7/socfpga/libsocfpga.o
                0xffff1028                cm_get_mpu_clk_hz
 .text.cm_get_sdram_clk_hz
                0xffff1068       0x44 arch/arm/cpu/armv7/socfpga/libsocfpga.o
                0xffff1068                cm_get_sdram_clk_hz
 .text.cm_get_l4_sp_clk_hz
                0xffff10ac       0x8c arch/arm/cpu/armv7/socfpga/libsocfpga.o
                0xffff10ac                cm_get_l4_sp_clk_hz
 .text.cm_get_mmc_controller_clk_hz
                0xffff1138       0x7c arch/arm/cpu/armv7/socfpga/libsocfpga.o
                0xffff1138                cm_get_mmc_controller_clk_hz
 .text.cm_get_qspi_controller_clk_hz
                0xffff11b4       0x7c arch/arm/cpu/armv7/socfpga/libsocfpga.o
                0xffff11b4                cm_get_qspi_controller_clk_hz
 .text.cm_print_clock_quick_summary
                0xffff1230       0xac arch/arm/cpu/armv7/socfpga/libsocfpga.o
                0xffff1230                cm_print_clock_quick_summary
 .text.cm_derive_clocks_for_drivers
                0xffff12dc       0x1c arch/arm/cpu/armv7/socfpga/libsocfpga.o
                0xffff12dc                cm_derive_clocks_for_drivers
 .text.board_init_f
                0xffff12f8       0x1c arch/arm/cpu/armv7/socfpga/libsocfpga.o
                0xffff12f8                board_init_f
 .text.spl_boot_device
                0xffff1314        0x4 arch/arm/cpu/armv7/socfpga/libsocfpga.o
                0xffff1314                spl_boot_device
 .text.spl_boot_mode
                0xffff1318        0x4 arch/arm/cpu/armv7/socfpga/libsocfpga.o
                0xffff1318                spl_boot_mode
 .text.spl_board_init
                0xffff131c      0x1b0 arch/arm/cpu/armv7/socfpga/libsocfpga.o
                0xffff131c                spl_board_init
 .text.sys_mgr_frzctrl_freeze_req
                0xffff14cc       0x98 arch/arm/cpu/armv7/socfpga/libsocfpga.o
                0xffff14cc                sys_mgr_frzctrl_freeze_req
 .text.sys_mgr_frzctrl_thaw_req
                0xffff1564       0xec arch/arm/cpu/armv7/socfpga/libsocfpga.o
                0xffff1564                sys_mgr_frzctrl_thaw_req
 .text.sys_mgr_frzctrl_frzchn_is_frozen
                0xffff1650       0x14 arch/arm/cpu/armv7/socfpga/libsocfpga.o
                0xffff1650                sys_mgr_frzctrl_frzchn_is_frozen
 .text.irq_handler_ecc_ocram_corrected
                0xffff1664       0x24 arch/arm/cpu/armv7/socfpga/libsocfpga.o
                0xffff1664                irq_handler_ecc_ocram_corrected
 .text.irq_handler_ecc_ocram_uncorrected
                0xffff1688       0x28 arch/arm/cpu/armv7/socfpga/libsocfpga.o
                0xffff1688                irq_handler_ecc_ocram_uncorrected
 .text.nic301_slave_ns
                0xffff16b0       0x20 arch/arm/cpu/armv7/socfpga/libsocfpga.o
                0xffff16b0                nic301_slave_ns
 .text.scan_mgr_io_scan_chain_prg
                0xffff16d0      0x148 arch/arm/cpu/armv7/socfpga/libsocfpga.o
                0xffff16d0                scan_mgr_io_scan_chain_prg
 .text.sysmgr_pinmux_init
                0xffff1818       0xbc arch/arm/cpu/armv7/socfpga/libsocfpga.o
                0xffff1818                sysmgr_pinmux_init
 .text.sysmgr_sdmmc_pweren_mux_check
                0xffff18d4       0x18 arch/arm/cpu/armv7/socfpga/libsocfpga.o
                0xffff18d4                sysmgr_sdmmc_pweren_mux_check
 .text.cpu_mmc_init
                0xffff18ec       0x10 arch/arm/cpu/armv7/socfpga/libsocfpga.o
                0xffff18ec                cpu_mmc_init
 .text.ram_boot_setup
                0xffff18fc       0x4c arch/arm/cpu/armv7/socfpga/libsocfpga.o
                0xffff18fc                ram_boot_setup
 .text          0xffff1948       0x20 arch/arm/lib/libarm.o
                0xffff1948                _main
 .text.interrupt_init
                0xffff1968       0x20 arch/arm/lib/libarm.o
                0xffff1968                interrupt_init
 .text.enable_interrupts
                0xffff1988        0xe arch/arm/lib/libarm.o
                0xffff1988                enable_interrupts
 *fill*         0xffff1996        0x2 
 .text.checkboard
                0xffff1998       0x10 board/altera/socfpga/libsocfpga.o
                0xffff1998                checkboard
 .text.set_failing_group_stage
                0xffff19a8       0x18 board/altera/socfpga/sdram/libsocfpga-sdram.o
 .text.scc_mgr_set_oct_out1_delay
                0xffff19c0       0x90 board/altera/socfpga/sdram/libsocfpga-sdram.o
 .text.initialize
                0xffff1a50       0x40 board/altera/socfpga/sdram/libsocfpga-sdram.o
                0xffff1a50                initialize
 .text.set_rank_and_odt_mask
                0xffff1a90       0x20 board/altera/socfpga/sdram/libsocfpga-sdram.o
                0xffff1a90                set_rank_and_odt_mask
 .text.scc_mgr_initialize
                0xffff1ab0       0x20 board/altera/socfpga/sdram/libsocfpga-sdram.o
                0xffff1ab0                scc_mgr_initialize
 .text.scc_mgr_set_dqs_en_phase_all_ranks
                0xffff1ad0       0x8c board/altera/socfpga/sdram/libsocfpga-sdram.o
                0xffff1ad0                scc_mgr_set_dqs_en_phase_all_ranks
 .text.scc_mgr_set_dqdqs_output_phase_all_ranks
                0xffff1b5c       0x8c board/altera/socfpga/sdram/libsocfpga-sdram.o
                0xffff1b5c                scc_mgr_set_dqdqs_output_phase_all_ranks
 .text.scc_mgr_set_dqs_en_delay_all_ranks
                0xffff1be8       0x8c board/altera/socfpga/sdram/libsocfpga-sdram.o
                0xffff1be8                scc_mgr_set_dqs_en_delay_all_ranks
 .text.scc_mgr_zero_all
                0xffff1c74       0x74 board/altera/socfpga/sdram/libsocfpga-sdram.o
                0xffff1c74                scc_mgr_zero_all
 .text.scc_set_bypass_mode
                0xffff1ce8       0x28 board/altera/socfpga/sdram/libsocfpga-sdram.o
                0xffff1ce8                scc_set_bypass_mode
 .text.scc_mgr_load_dqs_for_write_group
                0xffff1d10       0x1c board/altera/socfpga/sdram/libsocfpga-sdram.o
                0xffff1d10                scc_mgr_load_dqs_for_write_group
 .text.scc_mgr_zero_group
                0xffff1d2c       0x88 board/altera/socfpga/sdram/libsocfpga-sdram.o
                0xffff1d2c                scc_mgr_zero_group
 .text.scc_mgr_apply_group_dq_in_delay
                0xffff1db4       0x94 board/altera/socfpga/sdram/libsocfpga-sdram.o
                0xffff1db4                scc_mgr_apply_group_dq_in_delay
 .text.scc_mgr_apply_group_dq_out1_delay
                0xffff1e48       0x28 board/altera/socfpga/sdram/libsocfpga-sdram.o
                0xffff1e48                scc_mgr_apply_group_dq_out1_delay
 .text.scc_mgr_apply_group_dm_out1_delay
                0xffff1e70       0x10 board/altera/socfpga/sdram/libsocfpga-sdram.o
                0xffff1e70                scc_mgr_apply_group_dm_out1_delay
 .text.scc_mgr_apply_group_dqs_io_and_oct_out1
                0xffff1e80       0x20 board/altera/socfpga/sdram/libsocfpga-sdram.o
                0xffff1e80                scc_mgr_apply_group_dqs_io_and_oct_out1
 .text.scc_mgr_apply_group_all_out_delay_add
                0xffff1ea0       0x44 board/altera/socfpga/sdram/libsocfpga-sdram.o
                0xffff1ea0                scc_mgr_apply_group_all_out_delay_add
 .text.scc_mgr_apply_group_all_out_delay_add_all_ranks
                0xffff1ee4       0x14 board/altera/socfpga/sdram/libsocfpga-sdram.o
                0xffff1ee4                scc_mgr_apply_group_all_out_delay_add_all_ranks
 .text.set_jump_as_return
                0xffff1ef8       0x14 board/altera/socfpga/sdram/libsocfpga-sdram.o
                0xffff1ef8                set_jump_as_return
 .text.rw_mgr_mem_initialize
                0xffff1f0c      0x128 board/altera/socfpga/sdram/libsocfpga-sdram.o
                0xffff1f0c                rw_mgr_mem_initialize
 .text.rw_mgr_mem_handoff
                0xffff2034       0x7c board/altera/socfpga/sdram/libsocfpga-sdram.o
                0xffff2034                rw_mgr_mem_handoff
 .text.rw_mgr_mem_calibrate_read_test_patterns
                0xffff20b0      0x188 board/altera/socfpga/sdram/libsocfpga-sdram.o
                0xffff20b0                rw_mgr_mem_calibrate_read_test_patterns
 .text.rw_mgr_mem_calibrate_read_test_patterns_all_ranks
                0xffff2238       0x48 board/altera/socfpga/sdram/libsocfpga-sdram.o
                0xffff2238                rw_mgr_mem_calibrate_read_test_patterns_all_ranks
 .text.rw_mgr_mem_calibrate_read_load_patterns
                0xffff2280       0x88 board/altera/socfpga/sdram/libsocfpga-sdram.o
                0xffff2280                rw_mgr_mem_calibrate_read_load_patterns
 .text.rw_mgr_mem_calibrate_read_test
                0xffff2308      0x23c board/altera/socfpga/sdram/libsocfpga-sdram.o
                0xffff2308                rw_mgr_mem_calibrate_read_test
 .text.rw_mgr_decr_vfifo
                0xffff2544       0x1c board/altera/socfpga/sdram/libsocfpga-sdram.o
                0xffff2544                rw_mgr_decr_vfifo
 .text.rw_mgr_mem_calibrate_vfifo_find_dqs_en_phase
                0xffff2560      0x328 board/altera/socfpga/sdram/libsocfpga-sdram.o
                0xffff2560                rw_mgr_mem_calibrate_vfifo_find_dqs_en_phase
 .text.rw_mgr_mem_calibrate_lfifo
                0xffff2888       0x94 board/altera/socfpga/sdram/libsocfpga-sdram.o
                0xffff2888                rw_mgr_mem_calibrate_lfifo
 .text.rw_mgr_mem_calibrate_write_test_issue
                0xffff291c      0x120 board/altera/socfpga/sdram/libsocfpga-sdram.o
                0xffff291c                rw_mgr_mem_calibrate_write_test_issue
 .text.rw_mgr_mem_calibrate_write_test
                0xffff2a3c       0xa0 board/altera/socfpga/sdram/libsocfpga-sdram.o
                0xffff2a3c                rw_mgr_mem_calibrate_write_test
 .text.rw_mgr_mem_calibrate_vfifo_center
                0xffff2adc      0x740 board/altera/socfpga/sdram/libsocfpga-sdram.o
                0xffff2adc                rw_mgr_mem_calibrate_vfifo_center
 .text.rw_mgr_mem_calibrate_vfifo
                0xffff321c      0x384 board/altera/socfpga/sdram/libsocfpga-sdram.o
                0xffff321c                rw_mgr_mem_calibrate_vfifo
 .text.rw_mgr_mem_calibrate_vfifo_end
                0xffff35a0       0x60 board/altera/socfpga/sdram/libsocfpga-sdram.o
                0xffff35a0                rw_mgr_mem_calibrate_vfifo_end
 .text.rw_mgr_mem_calibrate_writes_center
                0xffff3600      0x3d8 board/altera/socfpga/sdram/libsocfpga-sdram.o
                0xffff3600                rw_mgr_mem_calibrate_writes_center
 .text.rw_mgr_mem_calibrate_writes
                0xffff39d8       0x48 board/altera/socfpga/sdram/libsocfpga-sdram.o
                0xffff39d8                rw_mgr_mem_calibrate_writes
 .text.mem_precharge_and_activate
                0xffff3a20       0x48 board/altera/socfpga/sdram/libsocfpga-sdram.o
                0xffff3a20                mem_precharge_and_activate
 .text.mem_config
                0xffff3a68       0x54 board/altera/socfpga/sdram/libsocfpga-sdram.o
                0xffff3a68                mem_config
 .text.mem_skip_calibrate
                0xffff3abc       0xbc board/altera/socfpga/sdram/libsocfpga-sdram.o
                0xffff3abc                mem_skip_calibrate
 .text.mem_calibrate
                0xffff3b78      0x150 board/altera/socfpga/sdram/libsocfpga-sdram.o
                0xffff3b78                mem_calibrate
 .text.run_mem_calibrate
                0xffff3cc8       0xe0 board/altera/socfpga/sdram/libsocfpga-sdram.o
                0xffff3cc8                run_mem_calibrate
 .text.hc_initialize_rom_data
                0xffff3da8      0x134 board/altera/socfpga/sdram/libsocfpga-sdram.o
                0xffff3da8                hc_initialize_rom_data
 .text.initialize_reg_file
                0xffff3edc       0x2c board/altera/socfpga/sdram/libsocfpga-sdram.o
                0xffff3edc                initialize_reg_file
 .text.initialize_hps_phy
                0xffff3f08       0x20 board/altera/socfpga/sdram/libsocfpga-sdram.o
                0xffff3f08                initialize_hps_phy
 .text.initialize_tracking
                0xffff3f28       0x40 board/altera/socfpga/sdram/libsocfpga-sdram.o
                0xffff3f28                initialize_tracking
 .text.sdram_calibration
                0xffff3f68       0x78 board/altera/socfpga/sdram/libsocfpga-sdram.o
                0xffff3f68                sdram_calibration
 .text.puts     0xffff3fe0       0x28 common/libcommon.o
                0xffff3fe0                puts
 .text.printf   0xffff4008       0x2c common/libcommon.o
                0xffff4008                printf
 .text.sbrk     0xffff4034       0x44 common/libcommon.o
                0xffff4034                sbrk
 .text.mem_malloc_init
                0xffff4078       0x28 common/libcommon.o
                0xffff4078                mem_malloc_init
 .text.malloc_trim
                0xffff40a0       0x80 common/libcommon.o
                0xffff40a0                malloc_trim
 .text.free     0xffff4120      0x158 common/libcommon.o
                0xffff4120                free
 .text.malloc   0xffff4278      0x3fc common/libcommon.o
                0xffff4278                malloc
 .text.calloc   0xffff4674       0x88 common/libcommon.o
                0xffff4674                calloc
 .text.hang     0xffff46fc       0x10 common/spl/libspl.o
                0xffff46fc                hang
 .text.spl_parse_image_header
                0xffff470c       0x74 common/spl/libspl.o
                0xffff470c                spl_parse_image_header
 .text.jump_to_image_no_args
                0xffff4780       0x4c common/spl/libspl.o
                0xffff4780                jump_to_image_no_args
 .text.board_init_r
                0xffff47cc       0x40 common/spl/libspl.o
                0xffff47cc                board_init_r
 .text.preloader_console_init
                0xffff480c       0x2c common/spl/libspl.o
                0xffff480c                preloader_console_init
 .text.spl_mmc_load_image
                0xffff4838      0x13c drivers/mmc/libmmc.o
                0xffff4838                spl_mmc_load_image
 .text.mmc_set_ios
                0xffff4974        0x6 drivers/mmc/libmmc.o
 .text.mmc_send_cmd
                0xffff497a       0x22 drivers/mmc/libmmc.o
 .text.mmc_send_ext_csd
                0xffff499c       0x2e drivers/mmc/libmmc.o
 .text.mmc_go_idle
                0xffff49ca       0x32 drivers/mmc/libmmc.o
 .text.mmc_send_status.constprop.6
                0xffff49fc       0x84 drivers/mmc/libmmc.o
 .text.mmc_switch.isra.1
                0xffff4a80       0x30 drivers/mmc/libmmc.o
 .text.__board_mmc_getcd
                0xffff4ab0        0x6 drivers/mmc/libmmc.o
                0xffff4ab0                board_mmc_getcd
                0xffff4ab0                __board_mmc_getcd
 *fill*         0xffff4ab6        0x2 
 .text.find_mmc_device
                0xffff4ab8       0x30 drivers/mmc/libmmc.o
                0xffff4ab8                find_mmc_device
 .text.mmc_berase
                0xffff4ae8      0x10c drivers/mmc/libmmc.o
 .text.mmc_bwrite
                0xffff4bf4      0x100 drivers/mmc/libmmc.o
 .text.mmc_bread
                0xffff4cf4       0xec drivers/mmc/libmmc.o
 .text.mmc_getcd
                0xffff4de0       0x1c drivers/mmc/libmmc.o
                0xffff4de0                mmc_getcd
 .text.mmc_set_clock
                0xffff4dfc       0x16 drivers/mmc/libmmc.o
                0xffff4dfc                mmc_set_clock
 *fill*         0xffff4e12        0x2 
 .text.mmc_startup
                0xffff4e14      0x618 drivers/mmc/libmmc.o
 .text.mmc_register
                0xffff542c       0x60 drivers/mmc/libmmc.o
                0xffff542c                mmc_register
 .text.mmc_init
                0xffff548c      0x224 drivers/mmc/libmmc.o
                0xffff548c                mmc_init
 .text.__def_mmc_init
                0xffff56b0        0x6 drivers/mmc/libmmc.o
                0xffff56b0                board_mmc_init
 *fill*         0xffff56b6        0x2 
 .text.print_mmc_devices
                0xffff56b8       0x48 drivers/mmc/libmmc.o
                0xffff56b8                print_mmc_devices
 .text.mmc_initialize
                0xffff5700       0x30 drivers/mmc/libmmc.o
                0xffff5700                mmc_initialize
 .text.dwmci_set_ios
                0xffff5730       0xb0 drivers/mmc/libmmc.o
 .text.dwmci_send_cmd
                0xffff57e0      0x1e8 drivers/mmc/libmmc.o
 .text.dwmci_init
                0xffff59c8       0x6e drivers/mmc/libmmc.o
 *fill*         0xffff5a36        0x2 
 .text.add_dwmci
                0xffff5a38       0x98 drivers/mmc/libmmc.o
                0xffff5a38                add_dwmci
 .text.altera_dwmci_clksel
                0xffff5ad0       0x24 drivers/mmc/libmmc.o
 .text.altera_dwmmc_init
                0xffff5af4       0x58 drivers/mmc/libmmc.o
                0xffff5af4                altera_dwmmc_init
 .text.NS16550_init
                0xffff5b4c       0x30 drivers/serial/libserial.o
                0xffff5b4c                NS16550_init
 .text.NS16550_reinit
                0xffff5b7c       0x30 drivers/serial/libserial.o
                0xffff5b7c                NS16550_reinit
 .text.NS16550_putc
                0xffff5bac        0xc drivers/serial/libserial.o
                0xffff5bac                NS16550_putc
 .text.NS16550_getc
                0xffff5bb8        0xe drivers/serial/libserial.o
                0xffff5bb8                NS16550_getc
 .text.NS16550_tstc
                0xffff5bc6        0xa drivers/serial/libserial.o
                0xffff5bc6                NS16550_tstc
 .text.get_current
                0xffff5bd0       0x2c drivers/serial/libserial.o
 .text.serial_init
                0xffff5bfc        0xe drivers/serial/libserial.o
                0xffff5bfc                serial_init
 .text.serial_puts
                0xffff5c0a       0x12 drivers/serial/libserial.o
                0xffff5c0a                serial_puts
 .text.calc_divisor.isra.0
                0xffff5c1c       0x20 drivers/serial/libserial.o
 .text.eserial1_init
                0xffff5c3c       0x18 drivers/serial/libserial.o
 .text._serial_putc
                0xffff5c54       0x2c drivers/serial/libserial.o
                0xffff5c54                _serial_putc
 .text.eserial1_putc
                0xffff5c80        0x6 drivers/serial/libserial.o
 .text._serial_puts
                0xffff5c86       0x16 drivers/serial/libserial.o
                0xffff5c86                _serial_puts
 .text.eserial1_puts
                0xffff5c9c        0x6 drivers/serial/libserial.o
 *fill*         0xffff5ca2        0x2 
 .text._serial_getc
                0xffff5ca4       0x14 drivers/serial/libserial.o
                0xffff5ca4                _serial_getc
 .text.eserial1_getc
                0xffff5cb8        0x6 drivers/serial/libserial.o
 *fill*         0xffff5cbe        0x2 
 .text._serial_tstc
                0xffff5cc0       0x10 drivers/serial/libserial.o
                0xffff5cc0                _serial_tstc
 .text.eserial1_tstc
                0xffff5cd0        0x6 drivers/serial/libserial.o
 *fill*         0xffff5cd6        0x2 
 .text._serial_setbrg
                0xffff5cd8       0x20 drivers/serial/libserial.o
                0xffff5cd8                _serial_setbrg
 .text.eserial1_setbrg
                0xffff5cf8        0x6 drivers/serial/libserial.o
 *fill*         0xffff5cfe        0x2 
 .text.default_serial_console
                0xffff5d00        0x8 drivers/serial/libserial.o
                0xffff5d00                default_serial_console
 .text.crc32_no_comp
                0xffff5d08       0x8c lib/libgeneric.o
                0xffff5d08                crc32_no_comp
 .text.crc32    0xffff5d94        0xc lib/libgeneric.o
                0xffff5d94                crc32
 .text.crc32_wd
                0xffff5da0        0x4 lib/libgeneric.o
                0xffff5da0                crc32_wd
 .text.__div64_32
                0xffff5da4       0x7e lib/libgeneric.o
                0xffff5da4                __div64_32
 .text.strnlen  0xffff5e22       0x18 lib/libgeneric.o
                0xffff5e22                strnlen
 .text.memset   0xffff5e3a       0x42 lib/libgeneric.o
                0xffff5e3a                memset
 .text.memcpy   0xffff5e7c       0x48 lib/libgeneric.o
                0xffff5e7c                memcpy
 .text.memcmp   0xffff5ec4       0x1c lib/libgeneric.o
                0xffff5ec4                memcmp
 .text.udelay   0xffff5ee0       0x20 lib/libgeneric.o
                0xffff5ee0                udelay
 .text.put_dec_trunc
                0xffff5f00       0x98 lib/libgeneric.o
 .text.put_dec  0xffff5f98       0xec lib/libgeneric.o
 .text.string.isra.0
                0xffff6084       0x60 lib/libgeneric.o
 .text.number.isra.4
                0xffff60e4      0x1b0 lib/libgeneric.o
 .text.vsnprintf_internal.isra.6
                0xffff6294      0x428 lib/libgeneric.o
 .text.vsprintf
                0xffff66bc        0x4 lib/libgeneric.o
                0xffff66bc                vsprintf
 .text.sprintf  0xffff66c0       0x1a lib/libgeneric.o
                0xffff66c0                sprintf
 *fill*         0xffff66da        0x6 
 .text          0xffff66e0      0x278 c:/altera/15.0/embedded/host_tools/mentor/gnu/arm/baremetal/bin/../lib/gcc/arm-altera-eabi/4.9.1/thumb2\libgcc.a(_udivsi3.o)
                0xffff66e0                __aeabi_uidiv
                0xffff66e0                __udivsi3
                0xffff693c                __aeabi_uidivmod
 .text          0xffff6958        0x4 c:/altera/15.0/embedded/host_tools/mentor/gnu/arm/baremetal/bin/../lib/gcc/arm-altera-eabi/4.9.1/thumb2\libgcc.a(_dvmd_tls.o)
                0xffff6958                __aeabi_idiv0
                0xffff6958                __aeabi_ldiv0
 .text          0xffff695c       0x18 c:/altera/15.0/embedded/host_tools/mentor/gnu/arm/baremetal/bin/../lib/gcc/arm-altera-eabi/4.9.1/thumb2\libgcc.a(_lshrdi3.o)
                0xffff695c                __lshrdi3
                0xffff695c                __aeabi_llsr
 .text          0xffff6974       0x18 c:/altera/15.0/embedded/host_tools/mentor/gnu/arm/baremetal/bin/../lib/gcc/arm-altera-eabi/4.9.1/thumb2\libgcc.a(_ashldi3.o)
                0xffff6974                __aeabi_llsl
                0xffff6974                __ashldi3

.glue_7         0xffff698c        0x0
 .glue_7        0x00000000        0x0 linker stubs

.glue_7t        0xffff698c        0x0
 .glue_7t       0x00000000        0x0 linker stubs

.vfp11_veneer   0xffff698c        0x0
 .vfp11_veneer  0x00000000        0x0 linker stubs

.v4_bx          0xffff698c        0x0
 .v4_bx         0x00000000        0x0 linker stubs

.iplt           0xffff698c        0x0
 .iplt          0x00000000        0x0 arch/arm/cpu/armv7/start.o
                0xffff698c                . = ALIGN (0x4)

.rodata         0xffff698c     0x1bb6
 *(SORT(.rodata*))
 .rodata        0xffff698c       0x68 arch/arm/cpu/armv7/socfpga/libsocfpga.o
 .rodata.ac_rom_init
                0xffff69f4       0x90 board/altera/socfpga/sdram/libsocfpga-sdram.o
                0xffff69f4                ac_rom_init
 .rodata.ac_rom_init_size
                0xffff6a84        0x4 board/altera/socfpga/sdram/libsocfpga-sdram.o
                0xffff6a84                ac_rom_init_size
 .rodata.crc_table
                0xffff6a88      0x400 lib/libgeneric.o
 .rodata.ext_csd_bits.6500
                0xffff6e88        0xc drivers/mmc/libmmc.o
 .rodata.ext_to_hostcaps.6501
                0xffff6e94        0xc drivers/mmc/libmmc.o
 .rodata.fbase  0xffff6ea0       0x10 drivers/mmc/libmmc.o
 .rodata.inst_rom_init
                0xffff6eb0      0x1fc board/altera/socfpga/sdram/libsocfpga-sdram.o
                0xffff6eb0                inst_rom_init
 .rodata.inst_rom_init_size
                0xffff70ac        0x4 board/altera/socfpga/sdram/libsocfpga-sdram.o
                0xffff70ac                inst_rom_init_size
 .rodata.iocsr_scan_chain0_table
                0xffff70b0       0x60 board/altera/socfpga/libsocfpga.o
                0xffff70b0                iocsr_scan_chain0_table
 .rodata.iocsr_scan_chain1_table
                0xffff7110       0xd8 board/altera/socfpga/libsocfpga.o
                0xffff7110                iocsr_scan_chain1_table
 .rodata.iocsr_scan_chain2_table
                0xffff71e8       0x78 board/altera/socfpga/libsocfpga.o
                0xffff71e8                iocsr_scan_chain2_table
 .rodata.iocsr_scan_chain3_table
                0xffff7260      0x830 board/altera/socfpga/libsocfpga.o
                0xffff7260                iocsr_scan_chain3_table
 .rodata.multipliers
                0xffff7a90       0x40 drivers/mmc/libmmc.o
 .rodata.serial_ports
                0xffff7ad0       0x18 drivers/serial/libserial.o
 .rodata.widths.6502
                0xffff7ae8        0xc drivers/mmc/libmmc.o
 .rodata._ctype
                0xffff7af4      0x100 lib/libgeneric.o
                0xffff7af4                _ctype
 .rodata.digits.6088
                0xffff7bf4       0x10 lib/libgeneric.o
 .rodata.hex_asc
                0xffff7c04       0x11 lib/libgeneric.o
 .rodata.str1.1
                0xffff7c15      0x4e6 arch/arm/cpu/armv7/socfpga/libsocfpga.o
 .rodata.str1.1
                0xffff80fb       0x88 board/altera/socfpga/libsocfpga.o
 .rodata.str1.1
                0xffff8183       0x64 board/altera/socfpga/sdram/libsocfpga-sdram.o
 .rodata.str1.1
                0xffff81e7       0x81 common/spl/libspl.o
 .rodata.str1.1
                0xffff8268      0x29c drivers/mmc/libmmc.o
                                0x29e (size before relaxing)
 .rodata.str1.1
                0xffff8504       0x15 drivers/serial/libserial.o
 .rodata.str1.1
                0xffff8519       0x29 lib/libgeneric.o

.rel.dyn        0xffff8544        0x0
 .rel.iplt      0x00000000        0x0 arch/arm/cpu/armv7/start.o
                0xffff8544                . = ALIGN (0x4)

.data           0xffff8548      0xed4
 *(SORT(.data*))
 .data          0xffff8548       0x80 arch/arm/lib/libarm.o
                0xffff8548                gdata
 .data          0xffff85c8       0x14 arch/arm/cpu/armv7/socfpga/libsocfpga.o
                0xffff85c8                cm_l4_sp_clock
                0xffff85cc                cm_sdmmc_clock
                0xffff85d0                cm_qspi_clock
                0xffff85d4                rst_mgr_status
                0xffff85d8                debug_memory_write_addr
 .data.interrupt_vectors
                0xffff85dc      0x6a0 arch/arm/cpu/armv7/socfpga/libsocfpga.o
                0xffff85dc                interrupt_vectors
 .data.sys_mgr_init_table
                0xffff8c7c      0x33c board/altera/socfpga/libsocfpga.o
                0xffff8c7c                sys_mgr_init_table
 .data.av_      0xffff8fb8      0x408 common/libcommon.o
 .data.sbrk_base
                0xffff93c0        0x4 common/libcommon.o
 .data.trim_threshold
                0xffff93c4        0x4 common/libcommon.o
 .data          0xffff93c8       0x20 common/spl/libspl.o
 .data.cur_dev_num
                0xffff93e8        0x4 drivers/mmc/libmmc.o
 .data.eserial1_device
                0xffff93ec       0x30 drivers/serial/libserial.o
                0xffff93ec                eserial1_device
                0xffff941c                __ecc_padding_start = .

.igot.plt       0xffff941c        0x0
 .igot.plt      0x00000000        0x0 arch/arm/cpu/armv7/start.o
                0xffff941c                . = ALIGN (0x4)
                0xffff941c                __image_copy_end = .
                0xffff941c                _end = .

.bss            0xffff941c       0xa4
                0xffff941c                . = ALIGN (0x4)
                0xffff941c                __bss_start = .
 *(.bss*)
 .bss.frzctrl_channel_freeze
                0xffff941c       0x10 arch/arm/cpu/armv7/socfpga/libsocfpga.o
 .bss.irq_cnt_ecc_ocram_corrected
                0xffff942c        0x4 arch/arm/cpu/armv7/socfpga/libsocfpga.o
                0xffff942c                irq_cnt_ecc_ocram_corrected
 .bss.irq_cnt_ecc_ocram_uncorrected
                0xffff9430        0x4 arch/arm/cpu/armv7/socfpga/libsocfpga.o
                0xffff9430                irq_cnt_ecc_ocram_uncorrected
 .bss.skip_delay_mask
                0xffff9434        0x2 board/altera/socfpga/sdram/libsocfpga-sdram.o
                0xffff9434                skip_delay_mask
 *fill*         0xffff9436        0x2 
 .bss.param     0xffff9438        0x4 board/altera/socfpga/sdram/libsocfpga-sdram.o
                0xffff9438                param
 .bss.dyn_calib_steps
                0xffff943c        0x2 board/altera/socfpga/sdram/libsocfpga-sdram.o
                0xffff943c                dyn_calib_steps
 *fill*         0xffff943e        0x2 
 .bss.gbl       0xffff9440        0x4 board/altera/socfpga/sdram/libsocfpga-sdram.o
                0xffff9440                gbl
 .bss.max_total_mem
                0xffff9444        0x4 common/libcommon.o
 .bss.mem_malloc_brk
                0xffff9448        0x4 common/libcommon.o
                0xffff9448                mem_malloc_brk
 .bss.max_sbrked_mem
                0xffff944c        0x4 common/libcommon.o
 .bss.current_mallinfo
                0xffff9450       0x28 common/libcommon.o
 .bss.mem_malloc_end
                0xffff9478        0x4 common/libcommon.o
                0xffff9478                mem_malloc_end
 .bss.top_pad   0xffff947c        0x4 common/libcommon.o
 .bss.mem_malloc_start
                0xffff9480        0x4 common/libcommon.o
                0xffff9480                mem_malloc_start
 .bss.stdio_devices
                0xffff9484        0xc common/libcommon.o
                0xffff9484                stdio_devices
 .bss.spl_image
                0xffff9490       0x20 common/spl/libspl.o
                0xffff9490                spl_image
 .bss.boot_params_ptr
                0xffff94b0        0x4 common/spl/libspl.o
                0xffff94b0                boot_params_ptr
 .bss.mmc_devices
                0xffff94b4        0x8 drivers/mmc/libmmc.o
 .bss.serial_current
                0xffff94bc        0x4 drivers/serial/libserial.o
                0xffff94c0                . = ALIGN (0x4)
                0xffff94c0                __bss_end__ = .

.malloc         0xffff94c0     0x1400
                0xffff94c0                . = ALIGN (0x8)
                0xffff94c0                __malloc_start = .
                0xffffa8c0                . = (. + 0x1400)
 *fill*         0xffff94c0     0x1400 
                0xffffa8c0                __malloc_end = .

.stack          0xffffa8c0     0x1000
                0xffffb8c0                . = (. + 0x1000)
 *fill*         0xffffa8c0     0x1000 
                0xffffb8c0                . = ALIGN (0x8)
                0xffffb8c0                __stack_start = .

.spl_irq_stack  0xffffb8c0      0x408
                0xffffbcc0                . = (. + 0x400)
 *fill*         0xffffb8c0      0x400 
                0xffffbcc0                . = ALIGN (0x8)
                0xffffbcc0                __irq_stack_start = .
                0xffffbcc8                . = (. + 0x8)
 *fill*         0xffffbcc0        0x8 
                0xffffbcc8                __ecc_padding_end = .
Address of section .text set to 0xffff0000
LOAD arch/arm/cpu/armv7/start.o
START GROUP
LOAD arch/arm/cpu/armv7/libarmv7.o
LOAD arch/arm/cpu/armv7/socfpga/libsocfpga.o
LOAD arch/arm/lib/libarm.o
LOAD board/altera/socfpga/libsocfpga.o
LOAD board/altera/socfpga/sdram/libsocfpga-sdram.o
LOAD common/libcommon.o
LOAD common/spl/libspl.o
LOAD drivers/dma/libdma.o
LOAD drivers/mmc/libmmc.o
LOAD drivers/serial/libserial.o
LOAD lib/libgeneric.o
END GROUP
LOAD /cygdrive/c/Users/Amir/Desktop/CPEN391/CPEN391_13/CPEN391_Computer_Instructor_Version/software/spl_bsp/uboot-socfpga/spl/arch/arm/lib/eabi_compat.o
LOAD c:/altera/15.0/embedded/host_tools/mentor/gnu/arm/baremetal/bin/../lib/gcc/arm-altera-eabi/4.9.1/thumb2\libgcc.a
OUTPUT(u-boot-spl elf32-littlearm)

.ARM.attributes
                0x00000000       0x2b
 .ARM.attributes
                0x00000000       0x1d arch/arm/cpu/armv7/start.o
 .ARM.attributes
                0x0000001d       0x2d arch/arm/cpu/armv7/libarmv7.o
 .ARM.attributes
                0x0000004a       0x2d arch/arm/cpu/armv7/socfpga/libsocfpga.o
 .ARM.attributes
                0x00000077       0x2b arch/arm/lib/libarm.o
 .ARM.attributes
                0x000000a2       0x2f board/altera/socfpga/libsocfpga.o
 .ARM.attributes
                0x000000d1       0x2f board/altera/socfpga/sdram/libsocfpga-sdram.o
 .ARM.attributes
                0x00000100       0x2f common/libcommon.o
 .ARM.attributes
                0x0000012f       0x2f common/spl/libspl.o
 .ARM.attributes
                0x0000015e       0x2f drivers/mmc/libmmc.o
 .ARM.attributes
                0x0000018d       0x2f drivers/serial/libserial.o
 .ARM.attributes
                0x000001bc       0x2f lib/libgeneric.o
 .ARM.attributes
                0x000001eb       0x19 c:/altera/15.0/embedded/host_tools/mentor/gnu/arm/baremetal/bin/../lib/gcc/arm-altera-eabi/4.9.1/thumb2\libgcc.a(_udivsi3.o)
 .ARM.attributes
                0x00000204       0x19 c:/altera/15.0/embedded/host_tools/mentor/gnu/arm/baremetal/bin/../lib/gcc/arm-altera-eabi/4.9.1/thumb2\libgcc.a(_dvmd_tls.o)
 .ARM.attributes
                0x0000021d       0x19 c:/altera/15.0/embedded/host_tools/mentor/gnu/arm/baremetal/bin/../lib/gcc/arm-altera-eabi/4.9.1/thumb2\libgcc.a(_lshrdi3.o)
 .ARM.attributes
                0x00000236       0x19 c:/altera/15.0/embedded/host_tools/mentor/gnu/arm/baremetal/bin/../lib/gcc/arm-altera-eabi/4.9.1/thumb2\libgcc.a(_ashldi3.o)

.comment        0x00000000       0x30
 .comment       0x00000000       0x30 arch/arm/cpu/armv7/libarmv7.o
                                 0x93 (size before relaxing)
 .comment       0x00000000      0x341 arch/arm/cpu/armv7/socfpga/libsocfpga.o
 .comment       0x00000000       0xf5 arch/arm/lib/libarm.o
 .comment       0x00000000       0xc4 board/altera/socfpga/libsocfpga.o
 .comment       0x00000000       0xc4 board/altera/socfpga/sdram/libsocfpga-sdram.o
 .comment       0x00000000      0x157 common/libcommon.o
 .comment       0x00000000       0x31 common/spl/libspl.o
 .comment       0x00000000       0xc4 drivers/mmc/libmmc.o
 .comment       0x00000000       0x93 drivers/serial/libserial.o
 .comment       0x00000000      0x157 lib/libgeneric.o

.debug_line     0x00000000     0xc33b
 .debug_line    0x00000000       0x84 arch/arm/cpu/armv7/start.o
 .debug_line    0x00000084      0x71b arch/arm/cpu/armv7/libarmv7.o
 .debug_line    0x0000079f     0x3a4a arch/arm/cpu/armv7/socfpga/libsocfpga.o
 .debug_line    0x000041e9      0xcf2 arch/arm/lib/libarm.o
 .debug_line    0x00004edb      0x59d board/altera/socfpga/libsocfpga.o
 .debug_line    0x00005478     0x1a8e board/altera/socfpga/sdram/libsocfpga-sdram.o
 .debug_line    0x00006f06     0x1d7c common/libcommon.o
 .debug_line    0x00008c82      0x479 common/spl/libspl.o
 .debug_line    0x000090fb     0x12a9 drivers/mmc/libmmc.o
 .debug_line    0x0000a3a4      0xbe6 drivers/serial/libserial.o
 .debug_line    0x0000af8a     0x13b1 lib/libgeneric.o

.debug_info     0x00000000    0x26361
 .debug_info    0x00000000       0xb0 arch/arm/cpu/armv7/start.o
 .debug_info    0x000000b0      0xbfb arch/arm/cpu/armv7/libarmv7.o
 .debug_info    0x00000cab     0xa72b arch/arm/cpu/armv7/socfpga/libsocfpga.o
 .debug_info    0x0000b3d6     0x1d57 arch/arm/lib/libarm.o
 .debug_info    0x0000d12d      0xc3a board/altera/socfpga/libsocfpga.o
 .debug_info    0x0000dd67     0x6983 board/altera/socfpga/sdram/libsocfpga-sdram.o
 .debug_info    0x000146ea     0x6bf4 common/libcommon.o
 .debug_info    0x0001b2de      0x9c1 common/spl/libspl.o
 .debug_info    0x0001bc9f     0x559c drivers/mmc/libmmc.o
 .debug_info    0x0002123b     0x2635 drivers/serial/libserial.o
 .debug_info    0x00023870     0x2af1 lib/libgeneric.o

.debug_abbrev   0x00000000     0x7a87
 .debug_abbrev  0x00000000       0x14 arch/arm/cpu/armv7/start.o
 .debug_abbrev  0x00000014      0x3f0 arch/arm/cpu/armv7/libarmv7.o
 .debug_abbrev  0x00000404     0x27be arch/arm/cpu/armv7/socfpga/libsocfpga.o
 .debug_abbrev  0x00002bc2      0x988 arch/arm/lib/libarm.o
 .debug_abbrev  0x0000354a      0x43e board/altera/socfpga/libsocfpga.o
 .debug_abbrev  0x00003988      0x533 board/altera/socfpga/sdram/libsocfpga-sdram.o
 .debug_abbrev  0x00003ebb     0x1615 common/libcommon.o
 .debug_abbrev  0x000054d0      0x32e common/spl/libspl.o
 .debug_abbrev  0x000057fe      0xf26 drivers/mmc/libmmc.o
 .debug_abbrev  0x00006724      0x80a drivers/serial/libserial.o
 .debug_abbrev  0x00006f2e      0xb59 lib/libgeneric.o

.debug_aranges  0x00000000     0x13c8
 .debug_aranges
                0x00000000       0x20 arch/arm/cpu/armv7/start.o
 .debug_aranges
                0x00000020      0x100 arch/arm/cpu/armv7/libarmv7.o
 .debug_aranges
                0x00000120      0x4b8 arch/arm/cpu/armv7/socfpga/libsocfpga.o
 .debug_aranges
                0x000005d8      0x170 arch/arm/lib/libarm.o
 .debug_aranges
                0x00000748       0x90 board/altera/socfpga/libsocfpga.o
 .debug_aranges
                0x000007d8      0x278 board/altera/socfpga/sdram/libsocfpga-sdram.o
 .debug_aranges
                0x00000a50      0x370 common/libcommon.o
 .debug_aranges
                0x00000dc0       0x48 common/spl/libspl.o
 .debug_aranges
                0x00000e08      0x148 drivers/mmc/libmmc.o
 .debug_aranges
                0x00000f50      0x248 drivers/serial/libserial.o
 .debug_aranges
                0x00001198      0x230 lib/libgeneric.o

.debug_frame    0x00000000     0x2d8c
 .debug_frame   0x00000000      0x17c arch/arm/cpu/armv7/libarmv7.o
 .debug_frame   0x0000017c      0x92c arch/arm/cpu/armv7/socfpga/libsocfpga.o
 .debug_frame   0x00000aa8      0x28c arch/arm/lib/libarm.o
 .debug_frame   0x00000d34       0xb0 board/altera/socfpga/libsocfpga.o
 .debug_frame   0x00000de4      0x704 board/altera/socfpga/sdram/libsocfpga-sdram.o
 .debug_frame   0x000014e8      0x984 common/libcommon.o
 .debug_frame   0x00001e6c       0x94 common/spl/libspl.o
 .debug_frame   0x00001f00      0x3a0 drivers/mmc/libmmc.o
 .debug_frame   0x000022a0      0x534 drivers/serial/libserial.o
 .debug_frame   0x000027d4      0x598 lib/libgeneric.o
 .debug_frame   0x00002d6c       0x20 c:/altera/15.0/embedded/host_tools/mentor/gnu/arm/baremetal/bin/../lib/gcc/arm-altera-eabi/4.9.1/thumb2\libgcc.a(_udivsi3.o)

.debug_str      0x00000000     0x600d
 .debug_str     0x00000000      0x46f arch/arm/cpu/armv7/libarmv7.o
                                0xb9c (size before relaxing)
 .debug_str     0x0000046f     0x17d8 arch/arm/cpu/armv7/socfpga/libsocfpga.o
                               0x5d5b (size before relaxing)
 .debug_str     0x00001c47      0x35f arch/arm/lib/libarm.o
                               0x1621 (size before relaxing)
 .debug_str     0x00001fa6      0x19f board/altera/socfpga/libsocfpga.o
                                0xcc2 (size before relaxing)
 .debug_str     0x00002145     0x10d0 board/altera/socfpga/sdram/libsocfpga-sdram.o
                               0x19d6 (size before relaxing)
 .debug_str     0x00003215     0x1d22 common/libcommon.o
                               0x3aa0 (size before relaxing)
 .debug_str     0x00004f37      0x16d common/spl/libspl.o
                                0x6b4 (size before relaxing)
 .debug_str     0x000050a4      0x69b drivers/mmc/libmmc.o
                               0x1d62 (size before relaxing)
 .debug_str     0x0000573f      0x5ef drivers/serial/libserial.o
                               0x127a (size before relaxing)
 .debug_str     0x00005d2e      0x2df lib/libgeneric.o
                               0x1570 (size before relaxing)

.debug_loc      0x00000000    0x159d2
 .debug_loc     0x00000000      0x181 arch/arm/cpu/armv7/libarmv7.o
 .debug_loc     0x00000181     0x5fba arch/arm/cpu/armv7/socfpga/libsocfpga.o
 .debug_loc     0x0000613b      0x325 arch/arm/lib/libarm.o
 .debug_loc     0x00006460       0xa7 board/altera/socfpga/libsocfpga.o
 .debug_loc     0x00006507     0x5376 board/altera/socfpga/sdram/libsocfpga-sdram.o
 .debug_loc     0x0000b87d     0x422a common/libcommon.o
 .debug_loc     0x0000faa7       0xb3 common/spl/libspl.o
 .debug_loc     0x0000fb5a     0x27b1 drivers/mmc/libmmc.o
 .debug_loc     0x0001230b      0x6a8 drivers/serial/libserial.o
 .debug_loc     0x000129b3     0x301f lib/libgeneric.o

.debug_ranges   0x00000000     0x2588
 .debug_ranges  0x00000000       0xb0 arch/arm/cpu/armv7/libarmv7.o
 .debug_ranges  0x000000b0      0x9c0 arch/arm/cpu/armv7/socfpga/libsocfpga.o
 .debug_ranges  0x00000a70      0x100 arch/arm/lib/libarm.o
 .debug_ranges  0x00000b70       0x58 board/altera/socfpga/libsocfpga.o
 .debug_ranges  0x00000bc8      0xeb0 board/altera/socfpga/sdram/libsocfpga-sdram.o
 .debug_ranges  0x00001a78      0x418 common/libcommon.o
 .debug_ranges  0x00001e90       0x38 common/spl/libspl.o
 .debug_ranges  0x00001ec8      0x258 drivers/mmc/libmmc.o
 .debug_ranges  0x00002120      0x230 drivers/serial/libserial.o
 .debug_ranges  0x00002350      0x238 lib/libgeneric.o
